// Jest Snapshot v1, https://goo.gl/fbAQLP

exports[`Components/SignedIn renders SignIn 1`] = `
<div>
  <div
    class="signedin_container"
  >
    <div
      class="signedin_content"
    >
      <svg
        fill="currentColor"
        height="1em"
        stroke="currentColor"
        stroke-width="0"
        viewBox="0 0 16 16"
        width="1em"
        xmlns="http://www.w3.org/2000/svg"
      >
        <path
          d="M16 8A8 8 0 1 1 0 8a8 8 0 0 1 16 0zm-3.97-3.03a.75.75 0 0 0-1.08.022L7.477 9.417 5.384 7.323a.75.75 0 0 0-1.06 1.06L6.97 11.03a.75.75 0 0 0 1.079-.02l3.992-4.99a.75.75 0 0 0-.01-1.05z"
        />
      </svg>
      <h1>
        Signed In
      </h1>
      <p>
        You're signed in
        <br />
        as 
      </p>
    </div>
    <button
      class="btn_signout"
    >
      Sign out
    </button>
    <div
      class="lottie_container"
    >
      <div>
        <svg
          height="640"
          preserveAspectRatio="xMidYMid meet"
          style="width: 100%; height: 100%; transform: translate3d(0,0,0);"
          viewBox="0 0 360 640"
          width="360"
          xmlns="http://www.w3.org/2000/svg"
          xmlns:xlink="http://www.w3.org/1999/xlink"
        >
          <defs>
            <clippath
              id="__lottie_element_2"
            >
              <rect
                height="640"
                width="360"
                x="0"
                y="0"
              />
            </clippath>
          </defs>
          <g
            clip-path="url(#__lottie_element_2)"
          >
            <g
              style="display: none;"
            >
              <g>
                <path />
              </g>
            </g>
            <g
              style="display: none;"
            >
              <g>
                <path />
              </g>
            </g>
            <g
              style="display: none;"
            >
              <g>
                <path />
              </g>
            </g>
            <g
              style="display: none;"
            >
              <g>
                <path />
              </g>
            </g>
            <g
              style="display: none;"
            >
              <g>
                <path />
              </g>
            </g>
            <g
              style="display: none;"
            >
              <g>
                <path />
              </g>
            </g>
            <g
              style="display: none;"
            >
              <g>
                <path />
              </g>
            </g>
            <g
              style="display: none;"
            >
              <g>
                <path />
              </g>
            </g>
            <g
              style="display: none;"
            >
              <g>
                <path />
              </g>
            </g>
            <g
              style="display: none;"
            >
              <g>
                <path />
              </g>
            </g>
            <g
              style="display: none;"
            >
              <g>
                <path />
              </g>
            </g>
            <g
              style="display: none;"
            >
              <g>
                <path />
              </g>
            </g>
            <g
              style="display: none;"
            >
              <g>
                <path />
              </g>
            </g>
            <g
              style="display: none;"
            >
              <g>
                <path />
              </g>
            </g>
            <g
              style="display: none;"
            >
              <g>
                <path />
              </g>
            </g>
            <g
              style="display: none;"
            >
              <g>
                <path />
              </g>
            </g>
            <g
              style="display: none;"
            >
              <g>
                <path />
              </g>
            </g>
            <g
              style="display: none;"
            >
              <g>
                <path
                  fill-opacity="0"
                  stroke-linecap="butt"
                  stroke-linejoin="miter"
                  stroke-miterlimit="4"
                />
              </g>
            </g>
            <g
              style="display: none;"
            >
              <g>
                <path
                  fill-opacity="0"
                  stroke-linecap="butt"
                  stroke-linejoin="miter"
                  stroke-miterlimit="4"
                />
              </g>
            </g>
            <g
              style="display: none;"
            >
              <g>
                <path
                  fill-opacity="0"
                  stroke-linecap="butt"
                  stroke-linejoin="miter"
                  stroke-miterlimit="4"
                />
              </g>
            </g>
          </g>
        </svg>
      </div>
    </div>
  </div>
</div>
`;
